// Jest Snapshot v1, https://goo.gl/fbAQLP

exports[`DefaultButton matches snapshot 1`] = `
<div>
  <button>
    Click Me
  </button>
</div>
`;
